{"_e":"root:init","_t":1790688507623,"format":"v0-jsonl","version":"57.0.27"}
{"_e":"env:mode","_t":1790688507634,"nodeEnv":"development","babelEnv":"development","mode":"development"}
{"_e":"env:load","_t":1790688507675,"mode":"development","files":[],"env":{}}
{"_e":"devserver:start","_t":1790688543475,"mode":"development","web":true,"baseUrl":"","asyncRoutes":false,"routerRoot":"../..\\..\\app","serverComponents":false,"serverActions":false,"serverRendering":false,"apiRoutes":false,"exporting":false}
{"_e":"metro:config","_t":1790688548668,"serverRoot":"../..\\..","projectRoot":"../..\\..","exporting":false,"flags":{"autolinkingModuleResolution":false,"serverActions":false,"serverComponents":false,"reactCompiler":false,"optimizeGraph":false,"treeshaking":false,"logbox":false}}
{"_e":"expo:dev-tools-plugin:load","_t":1790688576840,"plugins":[]}
{"_e":"metro:instantiate","_t":1790688693479,"atlas":false,"workers":3,"host":"::","port":8081}
{"_e":"root:init","_t":1790688957602,"format":"v0-jsonl","version":"57.0.27"}
{"_e":"env:mode","_t":1790688957608,"nodeEnv":"development","babelEnv":"development","mode":"development"}
{"_e":"env:load","_t":1790688957629,"mode":"development","files":[],"env":{}}
{"_e":"devserver:start","_t":1790688960087,"mode":"development","web":true,"baseUrl":"","asyncRoutes":false,"routerRoot":"../..\\..\\app","serverComponents":false,"serverActions":false,"serverRendering":false,"apiRoutes":false,"exporting":false}
{"_e":"metro:config","_t":1790688967006,"serverRoot":"../..\\..","projectRoot":"../..\\..","exporting":false,"flags":{"autolinkingModuleResolution":false,"serverActions":false,"serverComponents":false,"reactCompiler":false,"optimizeGraph":false,"treeshaking":false,"logbox":false}}
{"_e":"expo:dev-tools-plugin:load","_t":1790688972751,"plugins":[]}
{"_e":"root:init","_t":1790689004647,"format":"v0-jsonl","version":"57.0.27"}
{"_e":"env:mode","_t":1790689004652,"nodeEnv":"development","babelEnv":"development","mode":"development"}
{"_e":"env:load","_t":1790689004677,"mode":"development","files":[],"env":{}}
{"_e":"devserver:start","_t":1790689006751,"mode":"development","web":true,"baseUrl":"","asyncRoutes":false,"routerRoot":"../..\\..\\app","serverComponents":false,"serverActions":false,"serverRendering":false,"apiRoutes":false,"exporting":false}
{"_e":"metro:config","_t":1790689008124,"serverRoot":"../..\\..","projectRoot":"../..\\..","exporting":false,"flags":{"autolinkingModuleResolution":false,"serverActions":false,"serverComponents":false,"reactCompiler":false,"optimizeGraph":false,"treeshaking":false,"logbox":false}}
{"_e":"expo:dev-tools-plugin:load","_t":1790689009306,"plugins":[]}
{"_e":"metro:instantiate","_t":1790689027180,"atlas":false,"workers":3,"host":"::","port":8081}
{"_e":"root:init","_t":1790689184869,"format":"v0-jsonl","version":"57.0.27"}
{"_e":"env:mode","_t":1790689184873,"nodeEnv":"development","babelEnv":"development","mode":"development"}
{"_e":"env:load","_t":1790689184888,"mode":"development","files":[],"env":{}}
{"_e":"devserver:start","_t":1790689186397,"mode":"development","web":true,"baseUrl":"","asyncRoutes":false,"routerRoot":"../..\\..\\app","serverComponents":false,"serverActions":false,"serverRendering":false,"apiRoutes":false,"exporting":false}
{"_e":"metro:config","_t":1790689187763,"serverRoot":"../..\\..","projectRoot":"../..\\..","exporting":false,"flags":{"autolinkingModuleResolution":false,"serverActions":false,"serverComponents":false,"reactCompiler":false,"optimizeGraph":false,"treeshaking":false,"logbox":false}}
{"_e":"expo:dev-tools-plugin:load","_t":1790689189077,"plugins":[]}
{"_e":"metro:instantiate","_t":1790689203980,"atlas":false,"workers":3,"host":"::","port":8081}
{"_e":"root:init","_t":1790689982694,"format":"v0-jsonl","version":"57.0.27"}
{"_e":"env:mode","_t":1790689982701,"nodeEnv":"development","babelEnv":"development","mode":"development"}
{"_e":"env:load","_t":1790689982714,"mode":"development","files":[],"env":{}}
{"_e":"devserver:start","_t":1790689985676,"mode":"development","web":true,"baseUrl":"","asyncRoutes":false,"routerRoot":"../..\\..\\app","serverComponents":false,"serverActions":false,"serverRendering":false,"apiRoutes":false,"exporting":false}
{"_e":"metro:config","_t":1790689988334,"serverRoot":"../..\\..","projectRoot":"../..\\..","exporting":false,"flags":{"autolinkingModuleResolution":false,"serverActions":false,"serverComponents":false,"reactCompiler":false,"optimizeGraph":false,"treeshaking":false,"logbox":false}}
{"_e":"expo:dev-tools-plugin:load","_t":1790689990597,"plugins":[]}
{"_e":"metro:instantiate","_t":1790690007016,"atlas":false,"workers":3,"host":"::","port":8081}
{"_e":"metro:bundling:started","_t":1790690026272,"id":"1","platform":"android","environment":null,"entry":"node_modules\\expo\\AppEntry.js"}
{"_e":"metro:bundling:progress","_t":1790690026273,"id":"1","progress":0,"total":1,"current":0}
{"_e":"metro:bundling:progress","_t":1790690026281,"id":"1","progress":0,"total":1,"current":0}
{"_e":"metro:bundling:progress","_t":1790690038807,"id":"1","progress":0.010000000000000002,"total":1,"current":1}
{"_e":"metro:bundling:progress","_t":1790690038907,"id":"1","progress":0.010000000000000002,"total":3,"current":1}
{"_e":"metro:bundling:progress","_t":1790690040913,"id":"1","progress":0.04000000000000001,"total":3,"current":2}
{"_e":"metro:bundling:progress","_t":1790690041015,"id":"1","progress":0.04000000000000001,"total":14,"current":2}
{"_e":"metro:bundling:progress","_t":1790690041132,"id":"1","progress":0.04591836734693877,"total":14,"current":3}
{"_e":"metro:bundling:progress","_t":1790690041238,"id":"1","progress":0.04591836734693877,"total":21,"current":4}
{"_e":"metro:bundling:progress","_t":1790690041464,"id":"1","progress":0.056689342403628114,"total":21,"current":5}
{"_e":"metro:bundling:progress","_t":1790690041588,"id":"1","progress":0.056689342403628114,"total":32,"current":6}
{"_e":"metro:bundling:progress","_t":1790690041706,"id":"1","progress":0.056689342403628114,"total":32,"current":7}
{"_e":"metro:bundling:progress","_t":1790690041806,"id":"1","progress":0.06612244897959182,"total":35,"current":9}
{"_e":"metro:bundling:progress","_t":1790690041923,"id":"1","progress":0.06612244897959182,"total":36,"current":9}
{"_e":"metro:bundling:progress","_t":1790690042893,"id":"1","progress":0.0771604938271605,"total":36,"current":10}
{"_e":"metro:bundling:progress","_t":1790690043006,"id":"1","progress":0.08838568298027759,"total":37,"current":11}
{"_e":"metro:bundling:progress","_t":1790690043114,"id":"1","progress":0.08838568298027759,"total":42,"current":11}
{"_e":"metro:bundling:progress","_t":1790690043296,"id":"1","progress":0.08838568298027759,"total":42,"current":12}
{"_e":"metro:bundling:progress","_t":1790690043473,"id":"1","progress":0.08838568298027759,"total":61,"current":13}
{"_e":"metro:bundling:progress","_t":1790690043606,"id":"1","progress":0.08838568298027759,"total":61,"current":14}
{"_e":"metro:bundling:progress","_t":1790690043837,"id":"1","progress":0.08838568298027759,"total":62,"current":14}
{"_e":"metro:bundling:progress","_t":1790690043939,"id":"1","progress":0.08838568298027759,"total":166,"current":16}
{"_e":"metro:bundling:progress","_t":1790690044051,"id":"1","progress":0.08838568298027759,"total":168,"current":17}
{"_e":"metro:bundling:progress","_t":1790690044262,"id":"1","progress":0.08838568298027759,"total":168,"current":18}
{"_e":"metro:bundling:progress","_t":1790690044366,"id":"1","progress":0.08838568298027759,"total":192,"current":19}
{"_e":"metro:bundling:progress","_t":1790690044478,"id":"1","progress":0.08838568298027759,"total":192,"current":20}
{"_e":"metro:bundling:progress","_t":1790690044589,"id":"1","progress":0.08838568298027759,"total":194,"current":22}
{"_e":"metro:bundling:progress","_t":1790690044726,"id":"1","progress":0.08838568298027759,"total":195,"current":23}
{"_e":"metro:bundling:progress","_t":1790690044789,"id":"1","progress":0.08838568298027759,"total":195,"current":24}
{"_e":"metro:bundling:progress","_t":1790690044891,"id":"1","progress":0.08838568298027759,"total":196,"current":26}
{"_e":"metro:bundling:progress","_t":1790690045002,"id":"1","progress":0.08838568298027759,"total":199,"current":29}
{"_e":"metro:bundling:progress","_t":1790690045128,"id":"1","progress":0.08838568298027759,"total":200,"current":32}
{"_e":"metro:bundling:progress","_t":1790690045207,"id":"1","progress":0.08838568298027759,"total":200,"current":33}
{"_e":"metro:bundling:progress","_t":1790690045424,"id":"1","progress":0.08838568298027759,"total":200,"current":34}
{"_e":"metro:bundling:progress","_t":1790690045544,"id":"1","progress":0.08838568298027759,"total":200,"current":35}
{"_e":"metro:bundling:progress","_t":1790690045659,"id":"1","progress":0.08838568298027759,"total":200,"current":36}
{"_e":"metro:bundling:progress","_t":1790690045798,"id":"1","progress":0.08838568298027759,"total":201,"current":36}
{"_e":"metro:bundling:progress","_t":1790690045859,"id":"1","progress":0.08838568298027759,"total":201,"current":37}
{"_e":"metro:bundling:progress","_t":1790690045975,"id":"1","progress":0.08838568298027759,"total":201,"current":39}
{"_e":"metro:bundling:progress","_t":1790690046101,"id":"1","progress":0.08838568298027759,"total":201,"current":40}
{"_e":"metro:bundling:progress","_t":1790690046684,"id":"1","progress":0.08838568298027759,"total":201,"current":41}
{"_e":"metro:bundling:progress","_t":1790690046801,"id":"1","progress":0.08838568298027759,"total":202,"current":41}
{"_e":"metro:bundling:progress","_t":1790690047128,"id":"1","progress":0.08838568298027759,"total":202,"current":42}
{"_e":"metro:bundling:progress","_t":1790690047279,"id":"1","progress":0.08838568298027759,"total":204,"current":44}
{"_e":"metro:bundling:progress","_t":1790690047385,"id":"1","progress":0.08838568298027759,"total":216,"current":48}
{"_e":"metro:bundling:progress","_t":1790690047509,"id":"1","progress":0.08838568298027759,"total":228,"current":51}
{"_e":"metro:bundling:progress","_t":1790690047616,"id":"1","progress":0.08838568298027759,"total":229,"current":52}
{"_e":"metro:bundling:progress","_t":1790690047647,"id":"1","progress":0.08838568298027759,"total":229,"current":53}
{"_e":"metro:bundling:progress","_t":1790690047770,"id":"1","progress":0.08838568298027759,"total":229,"current":55}
{"_e":"metro:bundling:progress","_t":1790690047805,"id":"1","progress":0.08838568298027759,"total":229,"current":56}
{"_e":"metro:bundling:progress","_t":1790690047920,"id":"1","progress":0.08838568298027759,"total":232,"current":56}
{"_e":"metro:bundling:progress","_t":1790690047984,"id":"1","progress":0.08838568298027759,"total":232,"current":57}
{"_e":"metro:bundling:progress","_t":1790690048140,"id":"1","progress":0.08838568298027759,"total":236,"current":58}
{"_e":"metro:bundling:progress","_t":1790690048244,"id":"1","progress":0.08838568298027759,"total":238,"current":60}
{"_e":"metro:bundling:progress","_t":1790690048346,"id":"1","progress":0.08838568298027759,"total":241,"current":62}
{"_e":"metro:bundling:progress","_t":1790690048445,"id":"1","progress":0.08838568298027759,"total":241,"current":63}
{"_e":"metro:bundling:progress","_t":1790690048554,"id":"1","progress":0.08838568298027759,"total":242,"current":65}
{"_e":"metro:bundling:progress","_t":1790690048596,"id":"1","progress":0.08838568298027759,"total":242,"current":66}
{"_e":"metro:bundling:progress","_t":1790690048697,"id":"1","progress":0.08838568298027759,"total":246,"current":68}
{"_e":"metro:bundling:progress","_t":1790690048801,"id":"1","progress":0.08838568298027759,"total":249,"current":68}
{"_e":"metro:bundling:progress","_t":1790690048946,"id":"1","progress":0.08838568298027759,"total":251,"current":70}
{"_e":"metro:bundling:progress","_t":1790690049110,"id":"1","progress":0.08838568298027759,"total":251,"current":71}
{"_e":"metro:bundling:progress","_t":1790690049205,"id":"1","progress":0.08838568298027759,"total":253,"current":72}
{"_e":"metro:bundling:progress","_t":1790690049358,"id":"1","progress":0.08838568298027759,"total":253,"current":73}
{"_e":"metro:bundling:progress","_t":1790690049493,"id":"1","progress":0.08838568298027759,"total":255,"current":74}
{"_e":"metro:bundling:progress","_t":1790690049613,"id":"1","progress":0.08838568298027759,"total":266,"current":74}
{"_e":"metro:bundling:progress","_t":1790690049726,"id":"1","progress":0.08838568298027759,"total":266,"current":75}
{"_e":"metro:bundling:progress","_t":1790690049830,"id":"1","progress":0.08838568298027759,"total":269,"current":76}
{"_e":"metro:bundling:progress","_t":1790690049946,"id":"1","progress":0.08838568298027759,"total":270,"current":77}
{"_e":"metro:bundling:progress","_t":1790690050057,"id":"1","progress":0.08838568298027759,"total":270,"current":79}
{"_e":"metro:bundling:progress","_t":1790690050155,"id":"1","progress":0.08838568298027759,"total":270,"current":80}
{"_e":"metro:bundling:progress","_t":1790690050268,"id":"1","progress":0.09021991439573857,"total":273,"current":82}
{"_e":"metro:bundling:progress","_t":1790690050370,"id":"1","progress":0.09553719008264462,"total":275,"current":85}
{"_e":"metro:bundling:progress","_t":1790690050470,"id":"1","progress":0.10008595041322313,"total":275,"current":87}
{"_e":"metro:bundling:progress","_t":1790690050576,"id":"1","progress":0.10413208591117148,"total":282,"current":91}
{"_e":"metro:bundling:progress","_t":1790690050736,"id":"1","progress":0.10802484229057654,"total":286,"current":94}
{"_e":"metro:bundling:progress","_t":1790690050855,"id":"1","progress":0.11343798225308643,"total":288,"current":97}
{"_e":"metro:bundling:progress","_t":1790690050879,"id":"1","progress":0.11578896604938273,"total":288,"current":98}
{"_e":"metro:bundling:progress","_t":1790690050979,"id":"1","progress":0.1204638584806509,"total":291,"current":101}
{"_e":"metro:bundling:progress","_t":1790690051092,"id":"1","progress":0.12118953045463547,"total":293,"current":102}
{"_e":"metro:bundling:progress","_t":1790690051210,"id":"1","progress":0.12513304641584524,"total":294,"current":104}
{"_e":"metro:bundling:progress","_t":1790690051353,"id":"1","progress":0.1256809207950694,"total":299,"current":106}
{"_e":"metro:bundling:progress","_t":1790690051453,"id":"1","progress":0.1256809207950694,"total":302,"current":107}
{"_e":"metro:bundling:progress","_t":1790690051585,"id":"1","progress":0.13573407202216065,"total":304,"current":112}
{"_e":"metro:bundling:progress","_t":1790690051687,"id":"1","progress":0.14619377162629757,"total":306,"current":117}
{"_e":"metro:bundling:progress","_t":1790690051799,"id":"1","progress":0.1481157141577685,"total":317,"current":122}
{"_e":"metro:bundling:progress","_t":1790690051904,"id":"1","progress":0.1535460539892493,"total":319,"current":125}
{"_e":"metro:bundling:progress","_t":1790690052007,"id":"1","progress":0.16000000000000003,"total":320,"current":128}
{"_e":"metro:bundling:progress","_t":1790690052107,"id":"1","progress":0.1753515625,"total":320,"current":134}
{"_e":"metro:bundling:progress","_t":1790690052218,"id":"1","progress":0.1770151695419393,"total":328,"current":138}
{"_e":"metro:bundling:progress","_t":1790690052322,"id":"1","progress":0.1810774105930285,"total":329,"current":140}
{"_e":"metro:bundling:progress","_t":1790690052489,"id":"1","progress":0.18477166406772108,"total":335,"current":144}
{"_e":"metro:bundling:progress","_t":1790690052591,"id":"1","progress":0.19092543063785142,"total":341,"current":149}
{"_e":"metro:bundling:progress","_t":1790690052684,"id":"1","progress":0.19349678795331998,"total":341,"current":150}
{"_e":"metro:bundling:progress","_t":1790690052797,"id":"1","progress":0.1963807597174647,"total":343,"current":152}
{"_e":"metro:bundling:progress","_t":1790690052831,"id":"1","progress":0.19897321694192047,"total":343,"current":153}
{"_e":"metro:bundling:progress","_t":1790690052958,"id":"1","progress":0.20121632653061225,"total":350,"current":157}
{"_e":"metro:bundling:progress","_t":1790690053062,"id":"1","progress":0.21301775147928997,"total":351,"current":162}
{"_e":"metro:bundling:progress","_t":1790690053162,"id":"1","progress":0.22395556437214836,"total":355,"current":168}
{"_e":"metro:bundling:progress","_t":1790690053266,"id":"1","progress":0.22943294965044844,"total":357,"current":171}
{"_e":"metro:bundling:progress","_t":1790690053380,"id":"1","progress":0.2418261683371573,"total":364,"current":179}
{"_e":"metro:bundling:progress","_t":1790690053522,"id":"1","progress":0.25,"total":370,"current":185}
{"_e":"metro:bundling:progress","_t":1790690053622,"id":"1","progress":0.26782717358926483,"total":371,"current":192}
{"_e":"metro:bundling:progress","_t":1790690053723,"id":"1","progress":0.2848279219128021,"total":371,"current":198}
{"_e":"metro:bundling:progress","_t":1790690053838,"id":"1","progress":0.30665394843334487,"total":372,"current":206}
{"_e":"metro:bundling:progress","_t":1790690053945,"id":"1","progress":0.3209101969216841,"total":376,"current":213}
{"_e":"metro:bundling:progress","_t":1790690054055,"id":"1","progress":0.36127772747849707,"total":376,"current":226}
{"_e":"metro:bundling:progress","_t":1790690054182,"id":"1","progress":0.3682792517456715,"total":379,"current":230}
{"_e":"metro:bundling:progress","_t":1790690054286,"id":"1","progress":0.3682792517456715,"total":385,"current":232}
{"_e":"metro:bundling:progress","_t":1790690054413,"id":"1","progress":0.3682792517456715,"total":387,"current":233}
{"_e":"metro:bundling:progress","_t":1790690054522,"id":"1","progress":0.3682792517456715,"total":388,"current":235}
{"_e":"metro:bundling:progress","_t":1790690054671,"id":"1","progress":0.3748438150770512,"total":392,"current":240}
{"_e":"metro:bundling:progress","_t":1790690054782,"id":"1","progress":0.3796551372308948,"total":396,"current":244}
{"_e":"metro:bundling:progress","_t":1790690054838,"id":"1","progress":0.38277344148556275,"total":396,"current":245}
{"_e":"metro:bundling:progress","_t":1790690054922,"id":"1","progress":0.3844,"total":400,"current":248}
{"_e":"metro:bundling:progress","_t":1790690055053,"id":"1","progress":0.3902392927907331,"total":405,"current":253}
{"_e":"metro:bundling:progress","_t":1790690055153,"id":"1","progress":0.39597858417608567,"total":410,"current":258}
{"_e":"metro:bundling:progress","_t":1790690055269,"id":"1","progress":0.40835217132659135,"total":410,"current":262}
{"_e":"metro:bundling:progress","_t":1790690055381,"id":"1","progress":0.41572687824486,"total":411,"current":265}
{"_e":"metro:bundling:progress","_t":1790690055508,"id":"1","progress":0.4210847223117917,"total":413,"current":268}
{"_e":"metro:bundling:progress","_t":1790690055609,"id":"1","progress":0.42533081285444235,"total":414,"current":270}
{"_e":"metro:bundling:progress","_t":1790690055736,"id":"1","progress":0.4275147928994083,"total":416,"current":272}
{"_e":"metro:bundling:progress","_t":1790690055836,"id":"1","progress":0.4275147928994083,"total":434,"current":276}
{"_e":"metro:bundling:progress","_t":1790690055980,"id":"1","progress":0.4275147928994083,"total":436,"current":277}
{"_e":"metro:bundling:progress","_t":1790690056081,"id":"1","progress":0.4275147928994083,"total":436,"current":278}
{"_e":"metro:bundling:progress","_t":1790690056140,"id":"1","progress":0.4275147928994083,"total":436,"current":279}
{"_e":"metro:bundling:progress","_t":1790690056240,"id":"1","progress":0.4275147928994083,"total":437,"current":281}
{"_e":"metro:bundling:progress","_t":1790690056350,"id":"1","progress":0.4275147928994083,"total":438,"current":284}
{"_e":"metro:bundling:progress","_t":1790690056485,"id":"1","progress":0.4275147928994083,"total":446,"current":289}
{"_e":"metro:bundling:progress","_t":1790690056585,"id":"1","progress":0.4275147928994083,"total":450,"current":294}
{"_e":"metro:bundling:progress","_t":1790690056688,"id":"1","progress":0.4326716049382716,"total":450,"current":296}
{"_e":"metro:bundling:progress","_t":1790690056810,"id":"1","progress":0.4326716049382716,"total":452,"current":297}
{"_e":"metro:bundling:progress","_t":1790690056860,"id":"1","progress":0.4346659879395411,"total":452,"current":298}
{"_e":"metro:bundling:progress","_t":1790690057020,"id":"1","progress":0.4376331360946745,"total":455,"current":301}
{"_e":"metro:bundling:progress","_t":1790690057121,"id":"1","progress":0.43865369919451686,"total":459,"current":304}
{"_e":"metro:bundling:progress","_t":1790690057223,"id":"1","progress":0.4473351324000674,"total":462,"current":309}
{"_e":"metro:bundling:progress","_t":1790690057325,"id":"1","progress":0.45314461872903433,"total":462,"current":311}
{"_e":"metro:bundling:progress","_t":1790690057424,"id":"1","progress":0.47265625,"total":464,"current":319}
{"_e":"metro:bundling:progress","_t":1790690057532,"id":"1","progress":0.48849577985894327,"total":465,"current":325}
{"_e":"metro:bundling:progress","_t":1790690057639,"id":"1","progress":0.48849577985894327,"total":473,"current":328}
{"_e":"metro:bundling:progress","_t":1790690057739,"id":"1","progress":0.48849577985894327,"total":479,"current":333}
{"_e":"metro:bundling:progress","_t":1790690057840,"id":"1","progress":0.48849577985894327,"total":480,"current":335}
{"_e":"metro:bundling:progress","_t":1790690057943,"id":"1","progress":0.49174428814930865,"total":482,"current":338}
{"_e":"metro:bundling:progress","_t":1790690058051,"id":"1","progress":0.49174428814930865,"total":490,"current":341}
{"_e":"metro:bundling:progress","_t":1790690058170,"id":"1","progress":0.49174428814930865,"total":490,"current":342}
{"_e":"metro:bundling:progress","_t":1790690058293,"id":"1","progress":0.49174428814930865,"total":498,"current":347}
{"_e":"metro:bundling:progress","_t":1790690058405,"id":"1","progress":0.49196589571929433,"total":499,"current":350}
{"_e":"metro:bundling:progress","_t":1790690058514,"id":"1","progress":0.49196589571929433,"total":522,"current":353}
{"_e":"metro:bundling:progress","_t":1790690058585,"id":"1","progress":0.49196589571929433,"total":522,"current":354}
{"_e":"metro:bundling:progress","_t":1790690058687,"id":"1","progress":0.49196589571929433,"total":525,"current":356}
{"_e":"metro:bundling:progress","_t":1790690058803,"id":"1","progress":0.49196589571929433,"total":528,"current":363}
{"_e":"metro:bundling:progress","_t":1790690058920,"id":"1","progress":0.49196589571929433,"total":528,"current":367}
{"_e":"metro:bundling:progress","_t":1790690059045,"id":"1","progress":0.49196589571929433,"total":530,"current":369}
{"_e":"metro:bundling:progress","_t":1790690059141,"id":"1","progress":0.49196589571929433,"total":530,"current":370}
{"_e":"metro:bundling:progress","_t":1790690059241,"id":"1","progress":0.49196589571929433,"total":535,"current":374}
{"_e":"metro:bundling:progress","_t":1790690059352,"id":"1","progress":0.49196589571929433,"total":535,"current":375}
{"_e":"metro:bundling:progress","_t":1790690059456,"id":"1","progress":0.4954901532411598,"total":537,"current":378}
{"_e":"metro:bundling:progress","_t":1790690059602,"id":"1","progress":0.4954901532411598,"total":542,"current":380}
{"_e":"metro:bundling:progress","_t":1790690059702,"id":"1","progress":0.4954901532411598,"total":542,"current":381}
{"_e":"metro:bundling:progress","_t":1790690059802,"id":"1","progress":0.5027149490077971,"total":543,"current":385}
{"_e":"metro:bundling:progress","_t":1790690059906,"id":"1","progress":0.5105799917924089,"total":543,"current":388}
{"_e":"metro:bundling:progress","_t":1790690060025,"id":"1","progress":0.5105799917924089,"total":549,"current":390}
{"_e":"metro:bundling:progress","_t":1790690060145,"id":"1","progress":0.5105799917924089,"total":550,"current":392}
{"_e":"metro:bundling:progress","_t":1790690060196,"id":"1","progress":0.5105799917924089,"total":550,"current":393}
{"_e":"metro:bundling:progress","_t":1790690060301,"id":"1","progress":0.5191320186692402,"total":551,"current":397}
{"_e":"metro:bundling:progress","_t":1790690060409,"id":"1","progress":0.5243757431629014,"total":551,"current":399}
{"_e":"metro:bundling:progress","_t":1790690060517,"id":"1","progress":0.5243757431629014,"total":564,"current":402}
{"_e":"metro:bundling:progress","_t":1790690060624,"id":"1","progress":0.5243757431629014,"total":564,"current":406}
{"_e":"metro:bundling:progress","_t":1790690060736,"id":"1","progress":0.5291596836087399,"total":565,"current":411}
{"_e":"metro:bundling:progress","_t":1790690060838,"id":"1","progress":0.5293905071951223,"total":569,"current":414}
{"_e":"metro:bundling:progress","_t":1790690060973,"id":"1","progress":0.532643890427824,"total":570,"current":416}
{"_e":"metro:bundling:progress","_t":1790690061073,"id":"1","progress":0.5391461685167979,"total":572,"current":420}
{"_e":"metro:bundling:progress","_t":1790690061192,"id":"1","progress":0.5449686137989638,"total":573,"current":423}
{"_e":"metro:bundling:progress","_t":1790690061297,"id":"1","progress":0.5508018793478129,"total":574,"current":426}
{"_e":"metro:bundling:progress","_t":1790690061424,"id":"1","progress":0.5611941385715499,"total":574,"current":430}
{"_e":"metro:bundling:progress","_t":1790690061527,"id":"1","progress":0.569696786389414,"total":575,"current":434}
{"_e":"metro:bundling:progress","_t":1790690061661,"id":"1","progress":0.5835262345679012,"total":576,"current":440}
{"_e":"metro:bundling:progress","_t":1790690061765,"id":"1","progress":0.5968635464891975,"total":576,"current":445}
{"_e":"metro:bundling:progress","_t":1790690061864,"id":"1","progress":0.5968635464891975,"total":582,"current":449}
{"_e":"metro:bundling:progress","_t":1790690061967,"id":"1","progress":0.6058295249229462,"total":582,"current":453}
{"_e":"metro:bundling:progress","_t":1790690062068,"id":"1","progress":0.6058295249229462,"total":584,"current":454}
{"_e":"metro:bundling:progress","_t":1790690062189,"id":"1","progress":0.6081870493540984,"total":586,"current":457}
{"_e":"metro:bundling:progress","_t":1790690062314,"id":"1","progress":0.6227035031699755,"total":588,"current":464}
{"_e":"metro:bundling:progress","_t":1790690062418,"id":"1","progress":0.6443611458188717,"total":588,"current":472}
{"_e":"metro:bundling:progress","_t":1790690062532,"id":"1","progress":0.6508934214306235,"total":590,"current":476}
{"_e":"metro:bundling:progress","_t":1790690062661,"id":"1","progress":0.6529945923885317,"total":594,"current":480}
{"_e":"metro:bundling:progress","_t":1790690062762,"id":"1","progress":0.6594747984325031,"total":596,"current":484}
{"_e":"metro:bundling:progress","_t":1790690062862,"id":"1","progress":0.6731706905094365,"total":596,"current":489}
{"_e":"metro:bundling:progress","_t":1790690062968,"id":"1","progress":0.6806249999999999,"total":600,"current":495}
{"_e":"metro:bundling:progress","_t":1790690063115,"id":"1","progress":0.6921354038333228,"total":601,"current":500}
{"_e":"metro:bundling:progress","_t":1790690063241,"id":"1","progress":0.6939853835120553,"total":605,"current":504}
{"_e":"metro:bundling:progress","_t":1790690063304,"id":"1","progress":0.6967420258179086,"total":605,"current":505}
{"_e":"metro:bundling:progress","_t":1790690063432,"id":"1","progress":0.7078232361177516,"total":605,"current":509}
{"_e":"metro:bundling:progress","_t":1790690063574,"id":"1","progress":0.7189918721398812,"total":605,"current":513}
{"_e":"metro:bundling:progress","_t":1790690063679,"id":"1","progress":0.7234773417888756,"total":609,"current":518}
{"_e":"metro:bundling:progress","_t":1790690063786,"id":"1","progress":0.7290748245394074,"total":609,"current":520}
{"_e":"metro:bundling:progress","_t":1790690063887,"id":"1","progress":0.7435528083848428,"total":610,"current":526}
{"_e":"metro:bundling:progress","_t":1790690064006,"id":"1","progress":0.747151202528942,"total":612,"current":529}
{"_e":"metro:bundling:progress","_t":1790690064110,"id":"1","progress":0.762066441023247,"total":614,"current":536}
{"_e":"metro:bundling:progress","_t":1790690064211,"id":"1","progress":0.7792231217307345,"total":614,"current":542}
{"_e":"metro:bundling:progress","_t":1790690064334,"id":"1","progress":0.7910873157512063,"total":615,"current":547}
{"_e":"metro:bundling:progress","_t":1790690064464,"id":"1","progress":0.7910873157512063,"total":619,"current":549}
{"_e":"metro:bundling:progress","_t":1790690064574,"id":"1","progress":0.806804450348548,"total":619,"current":556}
{"_e":"metro:bundling:progress","_t":1790690064674,"id":"1","progress":0.8102898810033166,"total":621,"current":559}
{"_e":"metro:bundling:progress","_t":1790690064777,"id":"1","progress":0.8192869180426173,"total":622,"current":563}
{"_e":"metro:bundling:progress","_t":1790690064887,"id":"1","progress":0.8192869180426173,"total":626,"current":566}
{"_e":"metro:bundling:progress","_t":1790690064987,"id":"1","progress":0.8264462809917354,"total":627,"current":570}
{"_e":"metro:bundling:progress","_t":1790690065090,"id":"1","progress":0.8354192867864823,"total":628,"current":574}
{"_e":"metro:bundling:progress","_t":1790690065194,"id":"1","progress":0.8359183673469387,"total":630,"current":576}
{"_e":"metro:bundling:progress","_t":1790690065296,"id":"1","progress":0.8359183673469387,"total":635,"current":580}
{"_e":"metro:bundling:progress","_t":1790690065397,"id":"1","progress":0.8460528657885368,"total":636,"current":585}
{"_e":"metro:bundling:progress","_t":1790690065509,"id":"1","progress":0.8551901022985231,"total":638,"current":590}
{"_e":"metro:bundling:progress","_t":1790690065630,"id":"1","progress":0.8551901022985231,"total":643,"current":593}
{"_e":"metro:bundling:progress","_t":1790690065759,"id":"1","progress":0.8569141849341986,"total":646,"current":598}
{"_e":"metro:bundling:progress","_t":1790690065871,"id":"1","progress":0.8604063143249897,"total":649,"current":602}
{"_e":"metro:bundling:progress","_t":1790690066014,"id":"1","progress":0.8604063143249897,"total":666,"current":603}
{"_e":"metro:bundling:progress","_t":1790690066078,"id":"1","progress":0.8604063143249897,"total":666,"current":604}
{"_e":"metro:bundling:progress","_t":1790690066221,"id":"1","progress":0.8604063143249897,"total":669,"current":605}
{"_e":"metro:bundling:progress","_t":1790690066307,"id":"1","progress":0.8604063143249897,"total":669,"current":606}
{"_e":"metro:bundling:progress","_t":1790690066421,"id":"1","progress":0.8604063143249897,"total":673,"current":607}
{"_e":"metro:bundling:progress","_t":1790690066570,"id":"1","progress":0.8604063143249897,"total":673,"current":609}
{"_e":"metro:bundling:progress","_t":1790690066689,"id":"1","progress":0.8604063143249897,"total":674,"current":610}
{"_e":"metro:bundling:progress","_t":1790690066807,"id":"1","progress":0.8604063143249897,"total":674,"current":611}
{"_e":"metro:bundling:progress","_t":1790690066913,"id":"1","progress":0.8604063143249897,"total":676,"current":613}
{"_e":"metro:bundling:progress","_t":1790690067027,"id":"1","progress":0.8604063143249897,"total":676,"current":617}
{"_e":"metro:bundling:progress","_t":1790690067126,"id":"1","progress":0.8604063143249897,"total":679,"current":618}
{"_e":"metro:bundling:progress","_t":1790690067245,"id":"1","progress":0.8604063143249897,"total":679,"current":620}
{"_e":"metro:bundling:progress","_t":1790690067357,"id":"1","progress":0.8604063143249897,"total":683,"current":623}
{"_e":"metro:bundling:progress","_t":1790690067461,"id":"1","progress":0.8604063143249897,"total":684,"current":625}
{"_e":"metro:bundling:progress","_t":1790690067576,"id":"1","progress":0.8604063143249897,"total":686,"current":627}
{"_e":"metro:bundling:progress","_t":1790690067676,"id":"1","progress":0.8604063143249897,"total":687,"current":628}
{"_e":"metro:bundling:progress","_t":1790690067780,"id":"1","progress":0.8604063143249897,"total":689,"current":630}
{"_e":"metro:bundling:progress","_t":1790690067882,"id":"1","progress":0.8604063143249897,"total":690,"current":632}
{"_e":"metro:bundling:progress","_t":1790690067985,"id":"1","progress":0.8604063143249897,"total":690,"current":635}
{"_e":"metro:bundling:progress","_t":1790690068089,"id":"1","progress":0.8604063143249897,"total":691,"current":638}
{"_e":"metro:bundling:progress","_t":1790690068193,"id":"1","progress":0.8604063143249897,"total":694,"current":640}
{"_e":"metro:bundling:progress","_t":1790690068325,"id":"1","progress":0.8604063143249897,"total":697,"current":642}
{"_e":"metro:bundling:progress","_t":1790690068430,"id":"1","progress":0.8604063143249897,"total":698,"current":647}
{"_e":"metro:bundling:progress","_t":1790690068533,"id":"1","progress":0.8604063143249897,"total":703,"current":651}
{"_e":"metro:bundling:progress","_t":1790690068681,"id":"1","progress":0.8604063143249897,"total":711,"current":654}
{"_e":"metro:bundling:progress","_t":1790690068796,"id":"1","progress":0.8604063143249897,"total":711,"current":655}
{"_e":"metro:bundling:progress","_t":1790690068895,"id":"1","progress":0.8604063143249897,"total":724,"current":659}
{"_e":"metro:bundling:progress","_t":1790690068997,"id":"1","progress":0.8604063143249897,"total":725,"current":662}
{"_e":"metro:bundling:progress","_t":1790690069101,"id":"1","progress":0.8604063143249897,"total":729,"current":665}
{"_e":"metro:bundling:progress","_t":1790690069218,"id":"1","progress":0.8604063143249897,"total":734,"current":668}
{"_e":"metro:bundling:progress","_t":1790690069377,"id":"1","progress":0.8604063143249897,"total":734,"current":669}
{"_e":"metro:bundling:progress","_t":1790690069494,"id":"1","progress":0.8604063143249897,"total":744,"current":671}
{"_e":"metro:bundling:progress","_t":1790690069644,"id":"1","progress":0.8604063143249897,"total":746,"current":675}
{"_e":"metro:bundling:progress","_t":1790690069759,"id":"1","progress":0.8604063143249897,"total":747,"current":678}
{"_e":"metro:bundling:progress","_t":1790690069861,"id":"1","progress":0.8604063143249897,"total":747,"current":680}
{"_e":"metro:bundling:progress","_t":1790690069980,"id":"1","progress":0.8604063143249897,"total":747,"current":683}
{"_e":"metro:bundling:progress","_t":1790690070090,"id":"1","progress":0.8604063143249897,"total":747,"current":684}
{"_e":"metro:bundling:progress","_t":1790690070194,"id":"1","progress":0.8604063143249897,"total":750,"current":685}
{"_e":"metro:bundling:progress","_t":1790690070290,"id":"1","progress":0.8604063143249897,"total":750,"current":686}
{"_e":"metro:bundling:progress","_t":1790690070408,"id":"1","progress":0.8604063143249897,"total":752,"current":688}
{"_e":"metro:bundling:progress","_t":1790690070560,"id":"1","progress":0.8604063143249897,"total":753,"current":691}
{"_e":"metro:bundling:progress","_t":1790690070578,"id":"1","progress":0.8604063143249897,"total":753,"current":692}
{"_e":"metro:bundling:progress","_t":1790690070680,"id":"1","progress":0.8604063143249897,"total":754,"current":695}
{"_e":"metro:bundling:progress","_t":1790690070781,"id":"1","progress":0.8604063143249897,"total":756,"current":698}
{"_e":"metro:bundling:progress","_t":1790690070883,"id":"1","progress":0.8604063143249897,"total":756,"current":700}
{"_e":"metro:bundling:progress","_t":1790690071018,"id":"1","progress":0.8604063143249897,"total":763,"current":702}
{"_e":"metro:bundling:progress","_t":1790690071053,"id":"1","progress":0.8604063143249897,"total":763,"current":703}
{"_e":"metro:bundling:progress","_t":1790690071168,"id":"1","progress":0.8604063143249897,"total":766,"current":707}
{"_e":"metro:bundling:progress","_t":1790690071334,"id":"1","progress":0.8604063143249897,"total":766,"current":709}
{"_e":"metro:bundling:progress","_t":1790690071536,"id":"1","progress":0.8604063143249897,"total":766,"current":710}
{"_e":"metro:bundling:progress","_t":1790690071638,"id":"1","progress":0.8604063143249897,"total":771,"current":712}
{"_e":"metro:bundling:progress","_t":1790690071696,"id":"1","progress":0.8604063143249897,"total":771,"current":713}
{"_e":"metro:bundling:progress","_t":1790690071808,"id":"1","progress":0.8604063143249897,"total":772,"current":713}
{"_e":"metro:bundling:progress","_t":1790690071828,"id":"1","progress":0.8604063143249897,"total":772,"current":714}
{"_e":"metro:bundling:progress","_t":1790690071953,"id":"1","progress":0.8604063143249897,"total":773,"current":717}
{"_e":"metro:bundling:progress","_t":1790690072348,"id":"1","progress":0.8631009365244537,"total":775,"current":720}
{"_e":"metro:bundling:progress","_t":1790690072696,"id":"1","progress":0.8632708709745989,"total":776,"current":721}
{"_e":"metro:bundling:progress","_t":1790690072804,"id":"1","progress":0.8632708709745989,"total":777,"current":721}
{"_e":"metro:bundling:progress","_t":1790690073045,"id":"1","progress":0.8634403846759059,"total":777,"current":722}
{"_e":"metro:bundling:progress","_t":1790690073168,"id":"1","progress":0.8658338426678196,"total":777,"current":723}
{"_e":"metro:bundling:progress","_t":1790690074188,"id":"1","progress":0.8682306134043585,"total":777,"current":724}
{"_e":"metro:bundling:progress","_t":1790690074298,"id":"1","progress":0.8683940100845224,"total":778,"current":725}
{"_e":"metro:bundling:progress","_t":1790690074454,"id":"1","progress":0.8707912318845369,"total":778,"current":726}
{"_e":"metro:bundling:progress","_t":1790690074580,"id":"1","progress":0.8707912318845369,"total":780,"current":727}
{"_e":"metro:bundling:progress","_t":1790690075086,"id":"1","progress":0.8711111111111112,"total":780,"current":728}
{"_e":"metro:bundling:progress","_t":1790690075188,"id":"1","progress":0.8762109091384803,"total":782,"current":732}
{"_e":"metro:bundling:progress","_t":1790690075296,"id":"1","progress":0.8810054879285196,"total":782,"current":734}
{"_e":"metro:bundling:progress","_t":1790690075397,"id":"1","progress":0.8860956372344857,"total":784,"current":738}
{"_e":"metro:bundling:progress","_t":1790690075508,"id":"1","progress":0.8889111337506398,"total":787,"current":742}
{"_e":"metro:bundling:progress","_t":1790690075633,"id":"1","progress":0.8985209140270177,"total":787,"current":746}
{"_e":"metro:bundling:progress","_t":1790690075739,"id":"1","progress":0.9058787910020872,"total":788,"current":750}
{"_e":"metro:bundling:progress","_t":1790690075844,"id":"1","progress":0.9082960782292768,"total":788,"current":751}
{"_e":"metro:bundling:progress","_t":1790690075948,"id":"1","progress":0.9131403153907599,"total":788,"current":753}
{"_e":"metro:bundling:progress","_t":1790690076000,"id":"1","progress":0.9155672653250535,"total":788,"current":754}
{"_e":"metro:bundling:progress","_t":1790690076113,"id":"1","progress":0.9228674405421423,"total":788,"current":757}
{"_e":"metro:bundling:progress","_t":1790690076216,"id":"1","progress":0.9254927095016825,"total":790,"current":760}
{"_e":"metro:bundling:progress","_t":1790690076315,"id":"1","progress":0.9254927095016825,"total":794,"current":762}
{"_e":"metro:bundling:progress","_t":1790690076422,"id":"1","progress":0.9259522961908152,"total":795,"current":765}
{"_e":"metro:bundling:progress","_t":1790690076544,"id":"1","progress":0.9333935759726326,"total":797,"current":770}
{"_e":"metro:bundling:progress","_t":1790690076653,"id":"1","progress":0.9407541409915767,"total":798,"current":774}
{"_e":"metro:bundling:progress","_t":1790690076770,"id":"1","progress":0.9432566678310341,"total":799,"current":776}
{"_e":"metro:bundling:progress","_t":1790690076816,"id":"1","progress":0.9456893081307829,"total":799,"current":777}
{"_e":"metro:bundling:progress","_t":1790690076928,"id":"1","progress":0.9483800629333647,"total":803,"current":782}
{"_e":"metro:bundling:progress","_t":1790690077028,"id":"1","progress":0.9485066162570889,"total":805,"current":784}
{"_e":"metro:bundling:progress","_t":1790690077131,"id":"1","progress":0.9558878401348794,"total":807,"current":789}
{"_e":"metro:bundling:progress","_t":1790690077230,"id":"1","progress":0.9680414096605139,"total":807,"current":794}
{"_e":"metro:bundling:progress","_t":1790690077337,"id":"1","progress":0.9753704036397753,"total":807,"current":797}
{"_e":"metro:bundling:progress","_t":1790690077437,"id":"1","progress":0.9851853899199845,"total":807,"current":801}
{"_e":"metro:bundling:progress","_t":1790690077547,"id":"1","progress":0.9901356953066629,"total":809,"current":805}
{"_e":"metro:bundling:progress","_t":1790690077665,"id":"1","progress":0.9950678250266728,"total":810,"current":808}
{"_e":"metro:bundling:progress","_t":1790690077697,"id":"1","progress":0.9975323883554337,"total":810,"current":809}
{"_e":"metro:bundling:progress","_t":1790690078950,"id":"1","progress":0.999,"total":810,"current":810}
{"_e":"metro:bundling:progress","_t":1790690079050,"id":"1","progress":0.999,"total":811,"current":810}
{"_e":"metro:bundling:progress","_t":1790690079058,"id":"1","progress":0.999,"total":811,"current":811}
{"_e":"metro:bundling:progress","_t":1790690079187,"id":"1","progress":0.999,"total":819,"current":812}
{"_e":"metro:bundling:progress","_t":1790690079259,"id":"1","progress":0.999,"total":819,"current":813}
{"_e":"metro:bundling:progress","_t":1790690079375,"id":"1","progress":0.999,"total":821,"current":819}
{"_e":"metro:bundling:progress","_t":1790690079517,"id":"1","progress":0.999,"total":821,"current":821}
{"_e":"metro:bundling:done","_t":1790690081100,"id":"1","total":821,"ms":54828.6285}
{"_e":"metro:client_log","_t":1790690092260,"level":"warn","data":["SafeAreaView has been deprecated and will be removed in a future release. Please use 'react-native-safe-area-context' instead. See https://github.com/AppAndFlow/react-native-safe-area-context"]}
{"_e":"metro:bundling:failed","_t":1790690734991,"id":null,"message":"Unable to resolve \"./navacare-logo.png\" from \"App.js\"\n  5590 |\n  5591 |           <Image\n> 5592 |             source={require(\"./navacare-logo.png\")}\n       |                              ^\n  5593 |             style={styles.splashLogoImage}\n  5594 |             resizeMode=\"contain\"\n  5595 |           />","importStack":"\u001b[1mImport stack:\u001b[22m\n\n\u001b[90m \u001b[39mApp.js\n\u001b[90m |\u001b[39m \u001b[36mimport\u001b[39m \u001b[32m\"./navacare-logo.png\"\u001b[39m\n\u001b[90m\u001b[39m\n\u001b[90m\u001b[90m \u001b[39m\u001b[90mnode_modules\\expo\\AppEntry.js\u001b[39m\n\u001b[90m\u001b[90m |\u001b[39m\u001b[90m \u001b[36mimport\u001b[39m\u001b[90m \u001b[32m\"../../App\"\u001b[39m\u001b[90m\u001b[39m\n\u001b[90m\u001b[39m\n\u001b[90m\u001b[90m \u001b[39m\u001b[90m\u001b[39m\n\u001b[90m\u001b[90m |\u001b[39m\u001b[90m \u001b[36mimport\u001b[39m\u001b[90m \u001b[32m\"./node_modules/\u001b[1mexpo\u001b[22m/AppEntry\"\u001b[39m\u001b[90m\u001b[39m\n","filename":null,"targetModuleName":"./navacare-logo.png","originModulePath":"App.js"}
{"_e":"root:init","_t":1790690888439,"format":"v0-jsonl","version":"57.0.27"}
{"_e":"env:mode","_t":1790690888441,"nodeEnv":"development","babelEnv":"development","mode":"development"}
{"_e":"env:load","_t":1790690888446,"mode":"development","files":[],"env":{}}
{"_e":"devserver:start","_t":1790690889172,"mode":"development","web":true,"baseUrl":"","asyncRoutes":false,"routerRoot":"../..\\..\\app","serverComponents":false,"serverActions":false,"serverRendering":false,"apiRoutes":false,"exporting":false}
{"_e":"metro:config","_t":1790690890085,"serverRoot":"../..\\..","projectRoot":"../..\\..","exporting":false,"flags":{"autolinkingModuleResolution":false,"serverActions":false,"serverComponents":false,"reactCompiler":false,"optimizeGraph":false,"treeshaking":false,"logbox":false}}
{"_e":"expo:dev-tools-plugin:load","_t":1790690890659,"plugins":[]}
{"_e":"metro:instantiate","_t":1790690900423,"atlas":false,"workers":3,"host":"::","port":8081}
{"_e":"root:init","_t":1790690976098,"format":"v0-jsonl","version":"57.0.27"}
{"_e":"env:mode","_t":1790690976099,"nodeEnv":"development","babelEnv":"development","mode":"development"}
{"_e":"env:load","_t":1790690976109,"mode":"development","files":[],"env":{}}
{"_e":"devserver:start","_t":1790690977038,"mode":"development","web":true,"baseUrl":"","asyncRoutes":false,"routerRoot":"../..\\..\\app","serverComponents":false,"serverActions":false,"serverRendering":false,"apiRoutes":false,"exporting":false}
{"_e":"metro:config","_t":1790690978270,"serverRoot":"../..\\..","projectRoot":"../..\\..","exporting":false,"flags":{"autolinkingModuleResolution":false,"serverActions":false,"serverComponents":false,"reactCompiler":false,"optimizeGraph":false,"treeshaking":false,"logbox":false}}
{"_e":"expo:dev-tools-plugin:load","_t":1790690979642,"plugins":[]}
{"_e":"metro:instantiate","_t":1790690993261,"atlas":false,"workers":3,"host":"::","port":8081}
{"_e":"root:init","_t":1790691095112,"format":"v0-jsonl","version":"57.0.27"}
{"_e":"env:mode","_t":1790691095114,"nodeEnv":"development","babelEnv":"development","mode":"development"}
{"_e":"env:load","_t":1790691095122,"mode":"development","files":[],"env":{}}
{"_e":"devserver:start","_t":1790691096146,"mode":"development","web":true,"baseUrl":"","asyncRoutes":false,"routerRoot":"../..\\..\\app","serverComponents":false,"serverActions":false,"serverRendering":false,"apiRoutes":false,"exporting":false}
{"_e":"metro:config","_t":1790691097582,"serverRoot":"../..\\..","projectRoot":"../..\\..","exporting":false,"flags":{"autolinkingModuleResolution":false,"serverActions":false,"serverComponents":false,"reactCompiler":false,"optimizeGraph":false,"treeshaking":false,"logbox":false}}
{"_e":"expo:dev-tools-plugin:load","_t":1790691098631,"plugins":[]}
{"_e":"metro:instantiate","_t":1790691118151,"atlas":false,"workers":3,"host":"::","port":8081}
{"_e":"metro:bundling:started","_t":1790691128336,"id":"1","platform":"android","environment":null,"entry":"node_modules\\expo\\AppEntry.js"}
{"_e":"metro:bundling:progress","_t":1790691128337,"id":"1","progress":0,"total":1,"current":0}
{"_e":"metro:bundling:progress","_t":1790691128344,"id":"1","progress":0,"total":1,"current":0}
{"_e":"metro:bundling:progress","_t":1790691129810,"id":"1","progress":0.010000000000000002,"total":1,"current":1}
{"_e":"metro:bundling:progress","_t":1790691129911,"id":"1","progress":0.010000000000000002,"total":3,"current":1}
{"_e":"metro:bundling:progress","_t":1790691131141,"id":"1","progress":0.04000000000000001,"total":3,"current":2}
{"_e":"metro:bundling:progress","_t":1790691132163,"id":"1","progress":0.09,"total":3,"current":3}
{"_e":"metro:bundling:progress","_t":1790691132263,"id":"1","progress":0.09,"total":14,"current":4}
{"_e":"metro:bundling:progress","_t":1790691132364,"id":"1","progress":0.18367346938775508,"total":14,"current":6}
{"_e":"metro:bundling:progress","_t":1790691132470,"id":"1","progress":0.18367346938775508,"total":18,"current":7}
{"_e":"metro:bundling:progress","_t":1790691132583,"id":"1","progress":0.2025,"total":20,"current":9}
{"_e":"metro:bundling:progress","_t":1790691132713,"id":"1","progress":0.2743764172335601,"total":21,"current":11}
{"_e":"metro:bundling:progress","_t":1790691132844,"id":"1","progress":0.2743764172335601,"total":22,"current":11}
{"_e":"metro:bundling:progress","_t":1790691132957,"id":"1","progress":0.2743764172335601,"total":121,"current":14}
{"_e":"metro:bundling:progress","_t":1790691133066,"id":"1","progress":0.2743764172335601,"total":125,"current":16}
{"_e":"metro:bundling:progress","_t":1790691133188,"id":"1","progress":0.2743764172335601,"total":138,"current":18}
{"_e":"metro:bundling:progress","_t":1790691133293,"id":"1","progress":0.2743764172335601,"total":169,"current":21}
{"_e":"metro:bundling:progress","_t":1790691133397,"id":"1","progress":0.2743764172335601,"total":169,"current":22}
{"_e":"metro:bundling:progress","_t":1790691133507,"id":"1","progress":0.2743764172335601,"total":170,"current":22}
{"_e":"metro:bundling:progress","_t":1790691133544,"id":"1","progress":0.2743764172335601,"total":170,"current":23}
{"_e":"metro:bundling:progress","_t":1790691133657,"id":"1","progress":0.2743764172335601,"total":170,"current":24}
{"_e":"metro:bundling:progress","_t":1790691133762,"id":"1","progress":0.2743764172335601,"total":170,"current":25}
{"_e":"metro:bundling:progress","_t":1790691133879,"id":"1","progress":0.2743764172335601,"total":173,"current":26}
{"_e":"metro:bundling:progress","_t":1790691134256,"id":"1","progress":0.2743764172335601,"total":173,"current":27}
{"_e":"metro:bundling:progress","_t":1790691134406,"id":"1","progress":0.2743764172335601,"total":177,"current":27}
{"_e":"metro:bundling:progress","_t":1790691134463,"id":"1","progress":0.2743764172335601,"total":177,"current":28}
{"_e":"metro:bundling:progress","_t":1790691134566,"id":"1","progress":0.2743764172335601,"total":186,"current":30}
{"_e":"metro:bundling:progress","_t":1790691134690,"id":"1","progress":0.2743764172335601,"total":187,"current":31}
{"_e":"metro:bundling:progress","_t":1790691134706,"id":"1","progress":0.2743764172335601,"total":187,"current":32}
{"_e":"metro:bundling:progress","_t":1790691134824,"id":"1","progress":0.2743764172335601,"total":189,"current":33}
{"_e":"metro:bundling:progress","_t":1790691134892,"id":"1","progress":0.2743764172335601,"total":189,"current":34}
{"_e":"metro:bundling:progress","_t":1790691134993,"id":"1","progress":0.2743764172335601,"total":197,"current":38}
{"_e":"metro:bundling:progress","_t":1790691135097,"id":"1","progress":0.2743764172335601,"total":199,"current":40}
{"_e":"metro:bundling:progress","_t":1790691135364,"id":"1","progress":0.2743764172335601,"total":199,"current":41}
{"_e":"metro:bundling:progress","_t":1790691135473,"id":"1","progress":0.2743764172335601,"total":201,"current":42}
{"_e":"metro:bundling:progress","_t":1790691135493,"id":"1","progress":0.2743764172335601,"total":201,"current":43}
{"_e":"metro:bundling:progress","_t":1790691135662,"id":"1","progress":0.2743764172335601,"total":203,"current":44}
{"_e":"metro:bundling:progress","_t":1790691135765,"id":"1","progress":0.2743764172335601,"total":213,"current":44}
{"_e":"metro:bundling:progress","_t":1790691135909,"id":"1","progress":0.2743764172335601,"total":213,"current":45}
{"_e":"metro:bundling:progress","_t":1790691136063,"id":"1","progress":0.2743764172335601,"total":213,"current":46}
{"_e":"metro:bundling:progress","_t":1790691136173,"id":"1","progress":0.2743764172335601,"total":216,"current":46}
{"_e":"metro:bundling:progress","_t":1790691136304,"id":"1","progress":0.2743764172335601,"total":216,"current":47}
{"_e":"metro:bundling:progress","_t":1790691136459,"id":"1","progress":0.2743764172335601,"total":220,"current":48}
{"_e":"metro:bundling:progress","_t":1790691136537,"id":"1","progress":0.2743764172335601,"total":220,"current":49}
{"_e":"metro:bundling:progress","_t":1790691136662,"id":"1","progress":0.2743764172335601,"total":220,"current":51}
{"_e":"metro:bundling:progress","_t":1790691136771,"id":"1","progress":0.2743764172335601,"total":220,"current":55}
{"_e":"metro:bundling:progress","_t":1790691136878,"id":"1","progress":0.2743764172335601,"total":220,"current":56}
{"_e":"metro:bundling:progress","_t":1790691136965,"id":"1","progress":0.2743764172335601,"total":226,"current":60}
{"_e":"metro:bundling:progress","_t":1790691137079,"id":"1","progress":0.2743764172335601,"total":228,"current":63}
{"_e":"metro:bundling:progress","_t":1790691137207,"id":"1","progress":0.2743764172335601,"total":232,"current":64}
{"_e":"metro:bundling:progress","_t":1790691137309,"id":"1","progress":0.2743764172335601,"total":237,"current":68}
{"_e":"metro:bundling:progress","_t":1790691137418,"id":"1","progress":0.2743764172335601,"total":243,"current":73}
{"_e":"metro:bundling:progress","_t":1790691137524,"id":"1","progress":0.2743764172335601,"total":247,"current":78}
{"_e":"metro:bundling:progress","_t":1790691137624,"id":"1","progress":0.2743764172335601,"total":249,"current":82}
{"_e":"metro:bundling:progress","_t":1790691137732,"id":"1","progress":0.2743764172335601,"total":251,"current":85}
{"_e":"metro:bundling:progress","_t":1790691137832,"id":"1","progress":0.2743764172335601,"total":260,"current":89}
{"_e":"metro:bundling:progress","_t":1790691137932,"id":"1","progress":0.2743764172335601,"total":265,"current":91}
{"_e":"metro:bundling:progress","_t":1790691138047,"id":"1","progress":0.2743764172335601,"total":265,"current":94}
{"_e":"metro:bundling:progress","_t":1790691138165,"id":"1","progress":0.2743764172335601,"total":267,"current":98}
{"_e":"metro:bundling:progress","_t":1790691138264,"id":"1","progress":0.2743764172335601,"total":271,"current":102}
{"_e":"metro:bundling:progress","_t":1790691138364,"id":"1","progress":0.2743764172335601,"total":274,"current":105}
{"_e":"metro:bundling:progress","_t":1790691138468,"id":"1","progress":0.2743764172335601,"total":275,"current":111}
{"_e":"metro:bundling:progress","_t":1790691138568,"id":"1","progress":0.2743764172335601,"total":277,"current":114}
{"_e":"metro:bundling:progress","_t":1790691138677,"id":"1","progress":0.2743764172335601,"total":279,"current":119}
{"_e":"metro:bundling:progress","_t":1790691138780,"id":"1","progress":0.2743764172335601,"total":282,"current":125}
{"_e":"metro:bundling:progress","_t":1790691138883,"id":"1","progress":0.2743764172335601,"total":288,"current":129}
{"_e":"metro:bundling:progress","_t":1790691138984,"id":"1","progress":0.2743764172335601,"total":288,"current":130}
{"_e":"metro:bundling:progress","_t":1790691139089,"id":"1","progress":0.2743764172335601,"total":289,"current":133}
{"_e":"metro:bundling:progress","_t":1790691139190,"id":"1","progress":0.2743764172335601,"total":294,"current":137}
{"_e":"metro:bundling:progress","_t":1790691139290,"id":"1","progress":0.2743764172335601,"total":295,"current":140}
{"_e":"metro:bundling:progress","_t":1790691139394,"id":"1","progress":0.2743764172335601,"total":299,"current":146}
{"_e":"metro:bundling:progress","_t":1790691139497,"id":"1","progress":0.2743764172335601,"total":300,"current":151}
{"_e":"metro:bundling:progress","_t":1790691139597,"id":"1","progress":0.2743764172335601,"total":304,"current":156}
{"_e":"metro:bundling:progress","_t":1790691139699,"id":"1","progress":0.2910318559556787,"total":304,"current":164}
{"_e":"metro:bundling:progress","_t":1790691139827,"id":"1","progress":0.31433485622144586,"total":305,"current":171}
{"_e":"metro:bundling:progress","_t":1790691139935,"id":"1","progress":0.31821170282708744,"total":312,"current":176}
{"_e":"metro:bundling:progress","_t":1790691140044,"id":"1","progress":0.33284023668639046,"total":312,"current":180}
{"_e":"metro:bundling:progress","_t":1790691140174,"id":"1","progress":0.3390482294504086,"total":316,"current":184}
{"_e":"metro:bundling:progress","_t":1790691140283,"id":"1","progress":0.3475175278158817,"total":324,"current":191}
{"_e":"metro:bundling:progress","_t":1790691140386,"id":"1","progress":0.3563728191000918,"total":330,"current":197}
{"_e":"metro:bundling:progress","_t":1790691140486,"id":"1","progress":0.36568599298648635,"total":339,"current":205}
{"_e":"metro:bundling:progress","_t":1790691140591,"id":"1","progress":0.36634349030470914,"total":342,"current":207}
{"_e":"metro:bundling:progress","_t":1790691140714,"id":"1","progress":0.38063848705584624,"total":342,"current":211}
{"_e":"metro:bundling:progress","_t":1790691140831,"id":"1","progress":0.38699972958355866,"total":344,"current":214}
{"_e":"metro:bundling:progress","_t":1790691140936,"id":"1","progress":0.38699972958355866,"total":363,"current":218}
{"_e":"metro:bundling:progress","_t":1790691141044,"id":"1","progress":0.38699972958355866,"total":363,"current":221}
{"_e":"metro:bundling:progress","_t":1790691141160,"id":"1","progress":0.38699972958355866,"total":363,"current":222}
{"_e":"metro:bundling:progress","_t":1790691141263,"id":"1","progress":0.38699972958355866,"total":363,"current":224}
{"_e":"metro:bundling:progress","_t":1790691141363,"id":"1","progress":0.38699972958355866,"total":365,"current":227}
{"_e":"metro:bundling:progress","_t":1790691141466,"id":"1","progress":0.39744801512287337,"total":368,"current":232}
{"_e":"metro:bundling:progress","_t":1790691141568,"id":"1","progress":0.39744801512287337,"total":385,"current":237}
{"_e":"metro:bundling:progress","_t":1790691141693,"id":"1","progress":0.39744801512287337,"total":393,"current":242}
{"_e":"metro:bundling:progress","_t":1790691141817,"id":"1","progress":0.39744801512287337,"total":395,"current":246}
{"_e":"metro:bundling:progress","_t":1790691141937,"id":"1","progress":0.39744801512287337,"total":400,"current":251}
{"_e":"metro:bundling:progress","_t":1790691142037,"id":"1","progress":0.4023724660280687,"total":402,"current":255}
{"_e":"metro:bundling:progress","_t":1790691142151,"id":"1","progress":0.40870894284794934,"total":402,"current":257}
{"_e":"metro:bundling:progress","_t":1790691142251,"id":"1","progress":0.40870894284794934,"total":406,"current":259}
{"_e":"metro:bundling:progress","_t":1790691142345,"id":"1","progress":0.4101045888034167,"total":406,"current":260}
{"_e":"metro:bundling:progress","_t":1790691142480,"id":"1","progress":0.4101045888034167,"total":411,"current":262}
{"_e":"metro:bundling:progress","_t":1790691142582,"id":"1","progress":0.4101045888034167,"total":423,"current":267}
{"_e":"metro:bundling:progress","_t":1790691142696,"id":"1","progress":0.4101045888034167,"total":427,"current":273}
{"_e":"metro:bundling:progress","_t":1790691142810,"id":"1","progress":0.4160399653317972,"total":431,"current":278}
{"_e":"metro:bundling:progress","_t":1790691142933,"id":"1","progress":0.42026159334126034,"total":435,"current":282}
{"_e":"metro:bundling:progress","_t":1790691143036,"id":"1","progress":0.42026159334126034,"total":454,"current":285}
{"_e":"metro:bundling:progress","_t":1790691143164,"id":"1","progress":0.42026159334126034,"total":461,"current":287}
{"_e":"metro:bundling:progress","_t":1790691143233,"id":"1","progress":0.42026159334126034,"total":461,"current":288}
{"_e":"metro:bundling:progress","_t":1790691143352,"id":"1","progress":0.42026159334126034,"total":462,"current":288}
{"_e":"metro:bundling:progress","_t":1790691143369,"id":"1","progress":0.42026159334126034,"total":462,"current":289}
{"_e":"metro:bundling:progress","_t":1790691143472,"id":"1","progress":0.42026159334126034,"total":462,"current":290}
{"_e":"metro:bundling:progress","_t":1790691143579,"id":"1","progress":0.42026159334126034,"total":466,"current":295}
{"_e":"metro:bundling:progress","_t":1790691143694,"id":"1","progress":0.42026159334126034,"total":466,"current":301}
{"_e":"metro:bundling:progress","_t":1790691143795,"id":"1","progress":0.4255742415590635,"total":466,"current":304}
{"_e":"metro:bundling:progress","_t":1790691143921,"id":"1","progress":0.4283786770800715,"total":466,"current":305}
{"_e":"metro:bundling:progress","_t":1790691144039,"id":"1","progress":0.43119232256994966,"total":466,"current":306}
{"_e":"metro:bundling:progress","_t":1790691144133,"id":"1","progress":0.43401517802869827,"total":466,"current":307}
{"_e":"metro:bundling:progress","_t":1790691144249,"id":"1","progress":0.43684724345631715,"total":466,"current":308}
{"_e":"metro:bundling:progress","_t":1790691144272,"id":"1","progress":0.43968851885280624,"total":466,"current":309}
{"_e":"metro:bundling:progress","_t":1790691144379,"id":"1","progress":0.4434932527546094,"total":467,"current":311}
{"_e":"metro:bundling:progress","_t":1790691144481,"id":"1","progress":0.44727980851150145,"total":471,"current":315}
{"_e":"metro:bundling:progress","_t":1790691144584,"id":"1","progress":0.4510602197644355,"total":472,"current":317}
{"_e":"metro:bundling:progress","_t":1790691144687,"id":"1","progress":0.45862041339528914,"total":474,"current":321}
{"_e":"metro:bundling:progress","_t":1790691144789,"id":"1","progress":0.45862041339528914,"total":481,"current":324}
{"_e":"metro:bundling:progress","_t":1790691144890,"id":"1","progress":0.45862041339528914,"total":487,"current":327}
{"_e":"metro:bundling:progress","_t":1790691145001,"id":"1","progress":0.45862041339528914,"total":494,"current":331}
{"_e":"metro:bundling:progress","_t":1790691145115,"id":"1","progress":0.4653780589749054,"total":494,"current":337}
{"_e":"metro:bundling:progress","_t":1790691145215,"id":"1","progress":0.48015100499948987,"total":495,"current":343}
{"_e":"metro:bundling:progress","_t":1790691145316,"id":"1","progress":0.48466250217603407,"total":497,"current":346}
{"_e":"metro:bundling:progress","_t":1790691145428,"id":"1","progress":0.4911251431428526,"total":498,"current":349}
{"_e":"metro:bundling:progress","_t":1790691145533,"id":"1","progress":0.49644822132182737,"total":501,"current":353}
{"_e":"metro:bundling:progress","_t":1790691145645,"id":"1","progress":0.5106115115079223,"total":501,"current":358}
{"_e":"metro:bundling:progress","_t":1790691145772,"id":"1","progress":0.5171386168473516,"total":502,"current":361}
{"_e":"metro:bundling:progress","_t":1790691145872,"id":"1","progress":0.5373882954238822,"total":502,"current":368}
{"_e":"metro:bundling:progress","_t":1790691145978,"id":"1","progress":0.546185774828971,"total":502,"current":371}
{"_e":"metro:bundling:progress","_t":1790691146080,"id":"1","progress":0.5478330956661913,"total":508,"current":376}
{"_e":"metro:bundling:progress","_t":1790691146180,"id":"1","progress":0.5691501885510709,"total":509,"current":384}
{"_e":"metro:bundling:progress","_t":1790691146286,"id":"1","progress":0.5786650819845871,"total":514,"current":391}
{"_e":"metro:bundling:progress","_t":1790691146385,"id":"1","progress":0.5896576364908396,"total":517,"current":397}
{"_e":"metro:bundling:progress","_t":1790691146486,"id":"1","progress":0.610634930730408,"total":517,"current":404}
{"_e":"metro:bundling:progress","_t":1790691146586,"id":"1","progress":0.615621301775148,"total":520,"current":408}
{"_e":"metro:bundling:progress","_t":1790691146689,"id":"1","progress":0.6229503383684913,"total":522,"current":412}
{"_e":"metro:bundling:progress","_t":1790691146816,"id":"1","progress":0.6381622407187211,"total":522,"current":417}
{"_e":"metro:bundling:progress","_t":1790691146931,"id":"1","progress":0.6504638804480264,"total":522,"current":421}
{"_e":"metro:bundling:progress","_t":1790691147032,"id":"1","progress":0.6535576400816195,"total":522,"current":422}
{"_e":"metro:bundling:progress","_t":1790691147148,"id":"1","progress":0.6603504564415473,"total":523,"current":425}
{"_e":"metro:bundling:progress","_t":1790691147252,"id":"1","progress":0.6891534584231688,"total":524,"current":435}
{"_e":"metro:bundling:progress","_t":1790691147352,"id":"1","progress":0.6891534584231688,"total":543,"current":442}
{"_e":"metro:bundling:progress","_t":1790691147458,"id":"1","progress":0.6891534584231688,"total":554,"current":449}
{"_e":"metro:bundling:progress","_t":1790691147561,"id":"1","progress":0.6891534584231688,"total":566,"current":456}
{"_e":"metro:bundling:progress","_t":1790691147664,"id":"1","progress":0.6891534584231688,"total":570,"current":461}
{"_e":"metro:bundling:progress","_t":1790691147780,"id":"1","progress":0.6891534584231688,"total":570,"current":463}
{"_e":"metro:bundling:progress","_t":1790691147820,"id":"1","progress":0.6891534584231688,"total":570,"current":464}
{"_e":"metro:bundling:progress","_t":1790691147924,"id":"1","progress":0.6891534584231688,"total":580,"current":465}
{"_e":"metro:bundling:progress","_t":1790691148035,"id":"1","progress":0.6891534584231688,"total":581,"current":469}
{"_e":"metro:bundling:progress","_t":1790691148136,"id":"1","progress":0.6891534584231688,"total":581,"current":471}
{"_e":"metro:bundling:progress","_t":1790691148266,"id":"1","progress":0.6891534584231688,"total":581,"current":475}
{"_e":"metro:bundling:progress","_t":1790691148372,"id":"1","progress":0.6891534584231688,"total":581,"current":478}
{"_e":"metro:bundling:progress","_t":1790691148482,"id":"1","progress":0.6891534584231688,"total":583,"current":480}
{"_e":"metro:bundling:progress","_t":1790691148584,"id":"1","progress":0.6891534584231688,"total":584,"current":483}
{"_e":"metro:bundling:progress","_t":1790691148698,"id":"1","progress":0.6891534584231688,"total":587,"current":486}
{"_e":"metro:bundling:progress","_t":1790691148801,"id":"1","progress":0.6891534584231688,"total":591,"current":490}
{"_e":"metro:bundling:progress","_t":1790691148908,"id":"1","progress":0.6986810046924968,"total":591,"current":494}
{"_e":"metro:bundling:progress","_t":1790691149023,"id":"1","progress":0.7048056291088385,"total":592,"current":497}
{"_e":"metro:bundling:progress","_t":1790691149141,"id":"1","progress":0.7085444795882507,"total":594,"current":500}
{"_e":"metro:bundling:progress","_t":1790691149253,"id":"1","progress":0.7183769208970592,"total":597,"current":506}
{"_e":"metro:bundling:progress","_t":1790691149361,"id":"1","progress":0.7240670128981029,"total":597,"current":508}
{"_e":"metro:bundling:progress","_t":1790691149471,"id":"1","progress":0.7240670128981029,"total":604,"current":513}
{"_e":"metro:bundling:progress","_t":1790691149582,"id":"1","progress":0.7274257222867291,"total":605,"current":516}
{"_e":"metro:bundling:progress","_t":1790691149688,"id":"1","progress":0.7359087494023632,"total":605,"current":519}
{"_e":"metro:bundling:progress","_t":1790691149787,"id":"1","progress":0.7423795423518588,"total":607,"current":523}
{"_e":"metro:bundling:progress","_t":1790691149887,"id":"1","progress":0.7484526488919668,"total":608,"current":526}
{"_e":"metro:bundling:progress","_t":1790691150017,"id":"1","progress":0.7484526488919668,"total":617,"current":528}
{"_e":"metro:bundling:progress","_t":1790691150074,"id":"1","progress":0.7484526488919668,"total":617,"current":529}
{"_e":"metro:bundling:progress","_t":1790691150184,"id":"1","progress":0.7484526488919668,"total":617,"current":532}
{"_e":"metro:bundling:progress","_t":1790691150293,"id":"1","progress":0.7574923362639845,"total":617,"current":537}
{"_e":"metro:bundling:progress","_t":1790691150400,"id":"1","progress":0.7631452445434462,"total":617,"current":539}
{"_e":"metro:bundling:progress","_t":1790691150507,"id":"1","progress":0.7716640092043636,"total":617,"current":542}
{"_e":"metro:bundling:progress","_t":1790691150633,"id":"1","progress":0.7720096144782732,"total":618,"current":543}
{"_e":"metro:bundling:progress","_t":1790691150758,"id":"1","progress":0.7748557304594631,"total":618,"current":544}
{"_e":"metro:bundling:progress","_t":1790691150874,"id":"1","progress":0.7755359001040583,"total":620,"current":546}
{"_e":"metro:bundling:progress","_t":1790691150975,"id":"1","progress":0.778713881563423,"total":621,"current":548}
{"_e":"metro:bundling:progress","_t":1790691151074,"id":"1","progress":0.778713881563423,"total":628,"current":551}
{"_e":"metro:bundling:progress","_t":1790691151176,"id":"1","progress":0.7813548140865076,"total":629,"current":556}
{"_e":"metro:bundling:progress","_t":1790691151286,"id":"1","progress":0.782005269225263,"total":631,"current":558}
{"_e":"metro:bundling:progress","_t":1790691151358,"id":"1","progress":0.7848106670417244,"total":631,"current":559}
{"_e":"metro:bundling:progress","_t":1790691151505,"id":"1","progress":0.7876210879518586,"total":631,"current":560}
{"_e":"metro:bundling:progress","_t":1790691151607,"id":"1","progress":0.7876210879518586,"total":633,"current":561}
{"_e":"metro:bundling:progress","_t":1790691151750,"id":"1","progress":0.7910598993234155,"total":633,"current":563}
{"_e":"metro:bundling:progress","_t":1790691151874,"id":"1","progress":0.7913701997233529,"total":634,"current":564}
{"_e":"metro:bundling:progress","_t":1790691151942,"id":"1","progress":0.7941789648618257,"total":634,"current":565}
{"_e":"metro:bundling:progress","_t":1790691152060,"id":"1","progress":0.7941789648618257,"total":636,"current":566}
{"_e":"metro:bundling:progress","_t":1790691152184,"id":"1","progress":0.7953955837698137,"total":638,"current":569}
{"_e":"metro:bundling:progress","_t":1790691152335,"id":"1","progress":0.8038049940546969,"total":638,"current":572}
{"_e":"metro:bundling:progress","_t":1790691152457,"id":"1","progress":0.8069043718055157,"total":639,"current":574}
{"_e":"metro:bundling:progress","_t":1790691152586,"id":"1","progress":0.81,"total":640,"current":576}
{"_e":"metro:bundling:progress","_t":1790691152699,"id":"1","progress":0.8212890625,"total":640,"current":580}
{"_e":"metro:bundling:progress","_t":1790691152856,"id":"1","progress":0.82412353515625,"total":640,"current":581}
{"_e":"metro:bundling:progress","_t":1790691152978,"id":"1","progress":0.82412353515625,"total":642,"current":582}
{"_e":"metro:bundling:progress","_t":1790691153144,"id":"1","progress":0.8246450442057046,"total":642,"current":583}
{"_e":"metro:bundling:progress","_t":1790691153252,"id":"1","progress":0.8246450442057046,"total":646,"current":585}
{"_e":"metro:bundling:progress","_t":1790691153402,"id":"1","progress":0.8256788620613634,"total":646,"current":587}
{"_e":"metro:bundling:progress","_t":1790691153534,"id":"1","progress":0.8256788620613634,"total":649,"current":589}
{"_e":"metro:bundling:progress","_t":1790691153644,"id":"1","progress":0.8264462809917354,"total":649,"current":590}
{"_e":"metro:bundling:progress","_t":1790691153789,"id":"1","progress":0.8264462809917354,"total":651,"current":590}
{"_e":"metro:bundling:progress","_t":1790691153892,"id":"1","progress":0.8264462809917354,"total":651,"current":591}
{"_e":"metro:bundling:progress","_t":1790691154000,"id":"1","progress":0.8264462809917354,"total":653,"current":593}
{"_e":"metro:bundling:progress","_t":1790691154141,"id":"1","progress":0.8302474853954771,"total":653,"current":595}
{"_e":"metro:bundling:progress","_t":1790691154226,"id":"1","progress":0.8330405784118066,"total":653,"current":596}
{"_e":"metro:bundling:progress","_t":1790691154336,"id":"1","progress":0.8330405784118066,"total":656,"current":597}
{"_e":"metro:bundling:progress","_t":1790691154437,"id":"1","progress":0.8330405784118066,"total":657,"current":597}
{"_e":"metro:bundling:progress","_t":1790691154500,"id":"1","progress":0.8330405784118066,"total":657,"current":598}
{"_e":"metro:bundling:progress","_t":1790691154646,"id":"1","progress":0.8330405784118066,"total":657,"current":599}
{"_e":"metro:bundling:progress","_t":1790691154762,"id":"1","progress":0.8330405784118066,"total":659,"current":600}
{"_e":"metro:bundling:progress","_t":1790691154888,"id":"1","progress":0.8400459610252348,"total":659,"current":604}
{"_e":"metro:bundling:progress","_t":1790691155003,"id":"1","progress":0.8456183899364696,"total":659,"current":606}
{"_e":"metro:bundling:progress","_t":1790691155163,"id":"1","progress":0.8484115123618118,"total":659,"current":607}
{"_e":"metro:bundling:progress","_t":1790691155571,"id":"1","progress":0.8484115123618118,"total":665,"current":608}
{"_e":"metro:bundling:progress","_t":1790691155680,"id":"1","progress":0.8484115123618118,"total":667,"current":611}
{"_e":"metro:bundling:progress","_t":1790691155759,"id":"1","progress":0.8484115123618118,"total":667,"current":612}
{"_e":"metro:bundling:progress","_t":1790691155863,"id":"1","progress":0.853134300261752,"total":668,"current":617}
{"_e":"metro:bundling:progress","_t":1790691156024,"id":"1","progress":0.8588773373908809,"total":669,"current":620}
{"_e":"metro:bundling:progress","_t":1790691156124,"id":"1","progress":0.8644274188322932,"total":669,"current":622}
{"_e":"metro:bundling:progress","_t":1790691156233,"id":"1","progress":0.8677809665532881,"total":672,"current":626}
{"_e":"metro:bundling:progress","_t":1790691156338,"id":"1","progress":0.8735165997319668,"total":673,"current":629}
{"_e":"metro:bundling:progress","_t":1790691156444,"id":"1","progress":0.8766507544581619,"total":675,"current":632}
{"_e":"metro:bundling:progress","_t":1790691156566,"id":"1","progress":0.8827129071275049,"total":678,"current":637}
{"_e":"metro:bundling:progress","_t":1790691156672,"id":"1","progress":0.8885834775086505,"total":680,"current":641}
{"_e":"metro:bundling:progress","_t":1790691156777,"id":"1","progress":0.8942882217349023,"total":681,"current":644}
{"_e":"metro:bundling:progress","_t":1790691156876,"id":"1","progress":0.8947389795150645,"total":684,"current":647}
{"_e":"metro:bundling:progress","_t":1790691156976,"id":"1","progress":0.9002791457200506,"total":684,"current":649}
{"_e":"metro:bundling:progress","_t":1790691157077,"id":"1","progress":0.9088815034551929,"total":686,"current":654}
{"_e":"metro:bundling:progress","_t":1790691157184,"id":"1","progress":0.9117886979865203,"total":687,"current":656}
{"_e":"metro:bundling:progress","_t":1790691157651,"id":"1","progress":0.9173568603022657,"total":687,"current":658}
{"_e":"metro:bundling:progress","_t":1790691157767,"id":"1","progress":0.9317417865841783,"total":691,"current":667}
{"_e":"metro:bundling:progress","_t":1790691157868,"id":"1","progress":0.9514012075873176,"total":691,"current":674}
{"_e":"metro:bundling:progress","_t":1790691157988,"id":"1","progress":0.9628338632667637,"total":693,"current":680}
{"_e":"metro:bundling:progress","_t":1790691158088,"id":"1","progress":0.9799000102030406,"total":693,"current":686}
{"_e":"metro:bundling:progress","_t":1790691158188,"id":"1","progress":0.9856632679467937,"total":695,"current":690}
{"_e":"metro:bundling:progress","_t":1790691158292,"id":"1","progress":0.988636455872923,"total":702,"current":698}
{"_e":"metro:bundling:failed","_t":1790691158364,"id":"1","message":"Unable to resolve \"./navacare-logo.png\" from \"App.js\"\n  5590 |\n  5591 |           <Image\n> 5592 |             source={require(\"./navacare-logo.png\")}\n       |                              ^\n  5593 |             style={styles.splashLogoImage}\n  5594 |             resizeMode=\"contain\"\n  5595 |           />","importStack":"\u001b[1mImport stack:\u001b[22m\n\n\u001b[90m \u001b[39mApp.js\n\u001b[90m |\u001b[39m \u001b[36mimport\u001b[39m \u001b[32m\"./navacare-logo.png\"\u001b[39m\n\u001b[90m\u001b[39m\n\u001b[90m\u001b[90m \u001b[39m\u001b[90mnode_modules\\expo\\AppEntry.js\u001b[39m\n\u001b[90m\u001b[90m |\u001b[39m\u001b[90m \u001b[36mimport\u001b[39m\u001b[90m \u001b[32m\"../../App\"\u001b[39m\u001b[90m\u001b[39m\n\u001b[90m\u001b[39m\n\u001b[90m\u001b[90m \u001b[39m\u001b[90m\u001b[39m\n\u001b[90m\u001b[90m |\u001b[39m\u001b[90m \u001b[36mimport\u001b[39m\u001b[90m \u001b[32m\"./node_modules/\u001b[1mexpo\u001b[22m/AppEntry\"\u001b[39m\u001b[90m\u001b[39m\n","filename":null,"targetModuleName":"./navacare-logo.png","originModulePath":"App.js"}
{"_e":"root:init","_t":1790691752631,"format":"v0-jsonl","version":"57.0.27"}
{"_e":"env:mode","_t":1790691752634,"nodeEnv":"development","babelEnv":"development","mode":"development"}
{"_e":"env:load","_t":1790691752640,"mode":"development","files":[],"env":{}}
{"_e":"root:init","_t":1790691778726,"format":"v0-jsonl","version":"57.0.27"}
{"_e":"env:mode","_t":1790691778727,"nodeEnv":"development","babelEnv":"development","mode":"development"}
{"_e":"env:load","_t":1790691778731,"mode":"development","files":[],"env":{}}
{"_e":"devserver:start","_t":1790691779346,"mode":"development","web":true,"baseUrl":"","asyncRoutes":false,"routerRoot":"../..\\..\\app","serverComponents":false,"serverActions":false,"serverRendering":false,"apiRoutes":false,"exporting":false}
{"_e":"metro:config","_t":1790691780185,"serverRoot":"../..\\..","projectRoot":"../..\\..","exporting":false,"flags":{"autolinkingModuleResolution":false,"serverActions":false,"serverComponents":false,"reactCompiler":false,"optimizeGraph":false,"treeshaking":false,"logbox":false}}
{"_e":"expo:dev-tools-plugin:load","_t":1790691780782,"plugins":[]}
{"_e":"metro:instantiate","_t":1790691788248,"atlas":false,"workers":3,"host":"::","port":8081}
{"_e":"root:init","_t":1790691841509,"format":"v0-jsonl","version":"57.0.27"}
{"_e":"env:mode","_t":1790691841510,"nodeEnv":"development","babelEnv":"development","mode":"development"}
{"_e":"env:load","_t":1790691841515,"mode":"development","files":[],"env":{}}
{"_e":"devserver:start","_t":1790691842181,"mode":"development","web":true,"baseUrl":"","asyncRoutes":false,"routerRoot":"../..\\..\\app","serverComponents":false,"serverActions":false,"serverRendering":false,"apiRoutes":false,"exporting":false}
{"_e":"metro:config","_t":1790691843052,"serverRoot":"../..\\..","projectRoot":"../..\\..","exporting":false,"flags":{"autolinkingModuleResolution":false,"serverActions":false,"serverComponents":false,"reactCompiler":false,"optimizeGraph":false,"treeshaking":false,"logbox":false}}
{"_e":"expo:dev-tools-plugin:load","_t":1790691843852,"plugins":[]}
{"_e":"metro:instantiate","_t":1790691854675,"atlas":false,"workers":3,"host":"::","port":8081}
{"_e":"root:init","_t":1790692071238,"format":"v0-jsonl","version":"57.0.27"}
{"_e":"env:mode","_t":1790692071239,"nodeEnv":"development","babelEnv":"development","mode":"development"}
{"_e":"env:load","_t":1790692071245,"mode":"development","files":[],"env":{}}
{"_e":"devserver:start","_t":1790692071894,"mode":"development","web":true,"baseUrl":"","asyncRoutes":false,"routerRoot":"../..\\..\\app","serverComponents":false,"serverActions":false,"serverRendering":false,"apiRoutes":false,"exporting":false}
{"_e":"metro:config","_t":1790692072604,"serverRoot":"../..\\..","projectRoot":"../..\\..","exporting":false,"flags":{"autolinkingModuleResolution":false,"serverActions":false,"serverComponents":false,"reactCompiler":false,"optimizeGraph":false,"treeshaking":false,"logbox":false}}
{"_e":"expo:dev-tools-plugin:load","_t":1790692073219,"plugins":[]}
{"_e":"metro:instantiate","_t":1790692080234,"atlas":false,"workers":3,"host":"::","port":8081}
